dhat: Total:     81,[..],[..] bytes in [..] blocks
dhat: At t-gmax: 12,[..],[..] bytes in [..] blocks
dhat: At t-end:  [..] bytes in [..] blocks
dhat: The data has been saved to dhat-heap.json, and is viewable with dhat/dh_view.html
