dhat: Total:     1,986,038 bytes in 836 blocks
dhat: At t-gmax: 327,430 bytes in 68 blocks
dhat: At t-end:  1,651 bytes in 10 blocks
dhat: The data has been saved to dhat-heap.json, and is viewable with dhat/dh_view.html
