dhat: Total:     118,445,653 bytes in 822 blocks
dhat: At t-gmax: 20,567,089 bytes in 66 blocks
dhat: At t-end:  1,571 bytes in 7 blocks
dhat: The data has been saved to dhat-heap.json, and is viewable with dhat/dh_view.html
