dhat: Total:     1,974,115 bytes in 769 blocks
dhat: At t-gmax: 327,394 bytes in 65 blocks
dhat: At t-end:  1,571 bytes in 7 blocks
dhat: The data has been saved to dhat-heap.json, and is viewable with dhat/dh_view.html
